
> jewelryflow-backend@0.1.0 test:integration:rates
> jest src/rates/rates.integration.spec.ts --runInBand --verbose

node.exe : FAIL src/rates/rates.integration.spec.ts
At line:1 char:1
+ & "C:\nvm4w\nodejs/node.exe" "C:\nvm4w\nodejs/node_modules/npm/bin/np ...
+ ~~~~~~~~~~~~~~~~~~~~~~~~~~~~~~~~~~~~~~~~~~~~~~~~~~~~~~~~~~~~~~~~~~~~~
    + CategoryInfo          : NotSpecified: (FAIL src/rates/rates.integration. 
   spec.ts:String) [], RemoteException
    + FullyQualifiedErrorId : NativeCommandError
 
  Rates Integration Tests (e2e)
    Flow 1: Rates
      ΓêÜ GET /api/v1/rates/metal-types ΓåÆ should list metal types (27 ms)
      ├ù POST /api/v1/rates ΓåÆ should set today's gold rate (expires previous 
rate) (23 ms)
      ├ù POST /api/v1/rates ΓåÆ setting a new rate should expire previous rate 
(isCurrent=false) (7 ms)
      ΓêÜ POST /api/v1/rates ΓåÆ should reject if buy rate >= sell rate (8 ms)
      ├ù GET /api/v1/rates/today ΓåÆ should return only current rates (10 ms)
      ├ù GET /api/v1/rates/today/:metalTypeId ΓåÆ should return rate for 
specific metal (12 ms)
      ΓêÜ GET /api/v1/rates/history ΓåÆ should return rate history paginated 
(12 ms)
      ├ù GET /api/v1/rates/history ΓåÆ should filter by date range (9 ms)
      ΓêÜ should validate ΓëÑ 1 current rate per metal type (10 ms)

  ΓùÅ Rates Integration Tests (e2e) ΓÇ║ Flow 1: Rates ΓÇ║ POST /api/v1/rates 
ΓåÆ should set today's gold rate (expires previous rate)

    expect(received).toBeGreaterThan(expected)

    Expected: > NaN
    Received:   NaN

    [0m [90m 114 |[39m
     [90m 115 |[39m       [90m// Verify sell rate > buy rate[39m
    [31m[1m>[22m[39m[90m 116 |[39m       expect([33mNumber[39m(res[33m
.[39mbody[33m.[39mdata[33m.[39msellRatePerGram))[33m.[39mtoBeGreaterThan
(
     [90m     |[39m                                                     
[31m[1m^[22m[39m
     [90m 117 |[39m         [33mNumber[39m(res[33m.[39mbody[33m.[39mdat
a[33m.[39mbuyRatePerGram)[33m,[39m
     [90m 118 |[39m       )[33m;[39m
     [90m 119 |[39m[0m

      at Object.<anonymous> (rates/rates.integration.spec.ts:116:53)

  ΓùÅ Rates Integration Tests (e2e) ΓÇ║ Flow 1: Rates ΓÇ║ POST /api/v1/rates 
ΓåÆ setting a new rate should expire previous rate (isCurrent=false)

    PrismaClientValidationError: 
    Invalid `prisma.dailyRate.findUnique()` invocation in
    C:\Users\Acer\Desktop\ERP\jewelryflow-backend\src\rates\rates.integration.s
pec.ts:131:51

      128 
      129 it('POST /api/v1/rates ΓåÆ setting a new rate should expire previous 
rate (isCurrent=false)', async () => {
      130   // Get previous rate
    ΓåÆ 131   const previousRate = await prisma.dailyRate.findUnique({
              where: {
                id: undefined,
            ?   AND?: DailyRateWhereInput | DailyRateWhereInput[],
            ?   OR?: DailyRateWhereInput[],
            ?   NOT?: DailyRateWhereInput | DailyRateWhereInput[],
            ?   metalTypeId?: StringFilter | String,
            ?   sellRatePerGram?: DecimalFilter | Decimal,
            ?   sellRatePerTola?: DecimalFilter | Decimal,
            ?   sellRatePerLal?: DecimalFilter | Decimal,
            ?   buyRatePerGram?: DecimalFilter | Decimal,
            ?   buyRatePerTola?: DecimalFilter | Decimal,
            ?   buyRatePerLal?: DecimalFilter | Decimal,
            ?   effectiveDate?: DateTimeFilter | DateTime,
            ?   isCurrent?: BoolFilter | Boolean,
            ?   updatedByUserId?: StringFilter | String,
            ?   metalType?: MetalTypeRelationFilter | MetalTypeWhereInput,
            ?   updatedBy?: UserRelationFilter | UserWhereInput,
            ?   transactions?: TransactionListRelationFilter,
            ?   stockItems?: StockItemListRelationFilter
              }
            })

    Argument `where` of type DailyRateWhereUniqueInput needs at least one of 
`id` arguments. Available options are marked with ?.

    [0m [90m 129 |[39m     it([32m'POST /api/v1/rates ΓåÆ setting a new 
rate should expire previous rate (isCurrent=false)'[39m[33m,[39m 
[36masync[39m () [33m=>[39m {
     [90m 130 |[39m       [90m// Get previous rate[39m
    [31m[1m>[22m[39m[90m 131 |[39m       [36mconst[39m previousRate 
[33m=[39m [36mawait[39m prisma[33m.[39mdailyRate[33m.[39mfindUnique({
     [90m     |[39m                            [31m[1m^[22m[39m
     [90m 132 |[39m         where[33m:[39m { id[33m:[39m dailyRateId 
}[33m,[39m
     [90m 133 |[39m       })[33m;[39m
     [90m 134 |[39m       expect(previousRate[33m?[39m[33m.[39misCurrent)
[33m.[39mtoBe([36mtrue[39m)[33m;[39m[0m

      at wn (../node_modules/@prisma/client/runtime/library.js:29:1363)
      at $n.handleRequestError 
(../node_modules/@prisma/client/runtime/library.js:121:6958)
      at $n.handleAndLogRequestError 
(../node_modules/@prisma/client/runtime/library.js:121:6623)
      at $n.request 
(../node_modules/@prisma/client/runtime/library.js:121:6307)
      at l (../node_modules/@prisma/client/runtime/library.js:130:9633)
      at Object.<anonymous> (rates/rates.integration.spec.ts:131:28)

  ΓùÅ Rates Integration Tests (e2e) ΓÇ║ Flow 1: Rates ΓÇ║ GET 
/api/v1/rates/today ΓåÆ should return only current rates

    expect(received).toEqual(expected) // deep equality

    Expected: "9600"
    Received: undefined

    [0m [90m 189 |[39m       [36mconst[39m goldRate [33m=[39m 
res[33m.[39mbody[33m.[39mdata[33m.[39mfind((r[33m:[39m any) 
[33m=>[39m r[33m.[39mmetalType[33m.[39mid [33m===[39m 
goldMetalTypeId)[33m;[39m
     [90m 190 |[39m       expect(goldRate)[33m.[39mtoBeDefined()[33m;[39m
    [31m[1m>[22m[39m[90m 191 |[39m       expect(goldRate[33m.[39msellRa
tePerGram)[33m.[39mtoEqual([32m'9600'[39m)[33m;[39m
     [90m     |[39m                                        
[31m[1m^[22m[39m
     [90m 192 |[39m     })[33m;[39m
     [90m 193 |[39m
     [90m 194 |[39m     it([32m'GET /api/v1/rates/today/:metalTypeId ΓåÆ 
should return rate for specific metal'[39m[33m,[39m [36masync[39m () 
[33m=>[39m {[0m

      at Object.<anonymous> (rates/rates.integration.spec.ts:191:40)

  ΓùÅ Rates Integration Tests (e2e) ΓÇ║ Flow 1: Rates ΓÇ║ GET 
/api/v1/rates/today/:metalTypeId ΓåÆ should return rate for specific metal

    expect(received).toMatchObject(expected)

    - Expected  - 4
    + Received  + 0

      Object {
    -   "buyRatePerGram": Any<String>,
    -   "buyRatePerTola": Any<String>,
        "isCurrent": true,
        "metalType": ObjectContaining {
          "id": "cmq0p7438002c13jl2lf88xuo",
        },
    -   "sellRatePerGram": Any<String>,
    -   "sellRatePerTola": Any<String>,
      }

    [0m [90m 199 |[39m
     [90m 200 |[39m       
expect(res[33m.[39mbody)[33m.[39mtoMatchObject({ success[33m:[39m 
[36mtrue[39m })[33m;[39m
    [31m[1m>[22m[39m[90m 201 |[39m       
expect(res[33m.[39mbody[33m.[39mdata)[33m.[39mtoMatchObject({
     [90m     |[39m                             [31m[1m^[22m[39m
     [90m 202 |[39m         isCurrent[33m:[39m [36mtrue[39m[33m,[39m
     [90m 203 |[39m         metalType[33m:[39m 
expect[33m.[39mobjectContaining({ id[33m:[39m goldMetalTypeId })[33m,[39m
     [90m 204 |[39m         sellRatePerGram[33m:[39m 
expect[33m.[39many([33mString[39m)[33m,[39m[0m

      at Object.<anonymous> (rates/rates.integration.spec.ts:201:29)

  ΓùÅ Rates Integration Tests (e2e) ΓÇ║ Flow 1: Rates ΓÇ║ GET 
/api/v1/rates/history ΓåÆ should filter by date range

    expected 200 "OK", got 400 "Bad Request"

    [0m [90m 248 |[39m           limit[33m:[39m [35m10[39m[33m,[39m
     [90m 249 |[39m         })
    [31m[1m>[22m[39m[90m 250 |[39m         
[33m.[39mexpect([35m200[39m)[33m;[39m
     [90m     |[39m          [31m[1m^[22m[39m
     [90m 251 |[39m
     [90m 252 |[39m       expect(res[33m.[39mbody[33m.[39mdata[33m.[39m
data)[33m.[39mtoBeDefined()[33m;[39m
     [90m 253 |[39m       expect([33mArray[39m[33m.[39misArray(res[33m.
[39mbody[33m.[39mdata[33m.[39mdata))[33m.[39mtoBe([36mtrue[39m)[33m;[
39m[0m

      at Object.<anonymous> (rates/rates.integration.spec.ts:250:10)
      ----
      at Test._assertStatus (../node_modules/supertest/lib/test.js:309:14)
      at ../node_modules/supertest/lib/test.js:365:13
      at Test._assertFunction (../node_modules/supertest/lib/test.js:342:13)
      at Test.assert (../node_modules/supertest/lib/test.js:195:23)
      at localAssert (../node_modules/supertest/lib/test.js:138:14)
      at Server.<anonymous> (../node_modules/supertest/lib/test.js:152:11)

Test Suites: 1 failed, 1 total
Tests:       5 failed, 4 passed, 9 total
Snapshots:   0 total
Time:        3.767 s, estimated 6 s
Ran all test suites matching /src\\rates\\rates.integration.spec.ts/i.
